type=AVC msg=audit(1414532275.375:808): avc:  denied  { read write } for  pid=3921 comm="exim" path="/dev/pts/0" dev="devpts" ino=3 scontext=unconfined_u:unconfined_r:exim_t:s0-s0:c0.c1023 tcontext=unconfined_u:object_r:user_devpts_t:s0 tclass=chr_file
type=AVC msg=audit(1414532275.375:808): avc:  denied  { read write } for  pid=3921 comm="exim" path="/dev/pts/0" dev="devpts" ino=3 scontext=unconfined_u:unconfined_r:exim_t:s0-s0:c0.c1023 tcontext=unconfined_u:object_r:user_devpts_t:s0 tclass=chr_file
type=AVC msg=audit(1414532275.375:808): avc:  denied  { read write } for  pid=3921 comm="exim" path="/dev/pts/0" dev="devpts" ino=3 scontext=unconfined_u:unconfined_r:exim_t:s0-s0:c0.c1023 tcontext=unconfined_u:object_r:user_devpts_t:s0 tclass=chr_file
type=AVC msg=audit(1414532275.375:808): avc:  denied  { read write } for  pid=3921 comm="exim" path="/dev/pts/0" dev="devpts" ino=3 scontext=unconfined_u:unconfined_r:exim_t:s0-s0:c0.c1023 tcontext=unconfined_u:object_r:user_devpts_t:s0 tclass=chr_file
type=AVC msg=audit(1414532275.406:809): avc:  denied  { dac_override } for  pid=3921 comm="exim" capability=1  scontext=unconfined_u:unconfined_r:exim_t:s0-s0:c0.c1023 tcontext=unconfined_u:unconfined_r:exim_t:s0-s0:c0.c1023 tclass=capability
type=AVC msg=audit(1414532275.406:809): avc:  denied  { dac_read_search } for  pid=3921 comm="exim" capability=2  scontext=unconfined_u:unconfined_r:exim_t:s0-s0:c0.c1023 tcontext=unconfined_u:unconfined_r:exim_t:s0-s0:c0.c1023 tclass=capability
type=AVC msg=audit(1414532275.406:810): avc:  denied  { dac_override } for  pid=3921 comm="exim" capability=1  scontext=unconfined_u:unconfined_r:exim_t:s0-s0:c0.c1023 tcontext=unconfined_u:unconfined_r:exim_t:s0-s0:c0.c1023 tclass=capability
type=AVC msg=audit(1414532275.406:810): avc:  denied  { dac_read_search } for  pid=3921 comm="exim" capability=2  scontext=unconfined_u:unconfined_r:exim_t:s0-s0:c0.c1023 tcontext=unconfined_u:unconfined_r:exim_t:s0-s0:c0.c1023 tclass=capability
type=AVC msg=audit(1414532343.029:811): avc:  denied  { read write } for  pid=3993 comm="exim" path="/dev/pts/0" dev="devpts" ino=3 scontext=unconfined_u:unconfined_r:exim_t:s0-s0:c0.c1023 tcontext=unconfined_u:object_r:user_devpts_t:s0 tclass=chr_file
type=AVC msg=audit(1414532343.029:811): avc:  denied  { read write } for  pid=3993 comm="exim" path="/dev/pts/0" dev="devpts" ino=3 scontext=unconfined_u:unconfined_r:exim_t:s0-s0:c0.c1023 tcontext=unconfined_u:object_r:user_devpts_t:s0 tclass=chr_file
type=AVC msg=audit(1414532343.029:811): avc:  denied  { read write } for  pid=3993 comm="exim" path="/dev/pts/0" dev="devpts" ino=3 scontext=unconfined_u:unconfined_r:exim_t:s0-s0:c0.c1023 tcontext=unconfined_u:object_r:user_devpts_t:s0 tclass=chr_file
type=AVC msg=audit(1414532343.029:811): avc:  denied  { read write } for  pid=3993 comm="exim" path="/dev/pts/0" dev="devpts" ino=3 scontext=unconfined_u:unconfined_r:exim_t:s0-s0:c0.c1023 tcontext=unconfined_u:object_r:user_devpts_t:s0 tclass=chr_file
type=AVC msg=audit(1414532343.084:812): avc:  denied  { dac_override } for  pid=3993 comm="exim" capability=1  scontext=unconfined_u:unconfined_r:exim_t:s0-s0:c0.c1023 tcontext=unconfined_u:unconfined_r:exim_t:s0-s0:c0.c1023 tclass=capability
type=AVC msg=audit(1414532343.084:812): avc:  denied  { dac_read_search } for  pid=3993 comm="exim" capability=2  scontext=unconfined_u:unconfined_r:exim_t:s0-s0:c0.c1023 tcontext=unconfined_u:unconfined_r:exim_t:s0-s0:c0.c1023 tclass=capability
type=AVC msg=audit(1414532343.085:813): avc:  denied  { dac_override } for  pid=3993 comm="exim" capability=1  scontext=unconfined_u:unconfined_r:exim_t:s0-s0:c0.c1023 tcontext=unconfined_u:unconfined_r:exim_t:s0-s0:c0.c1023 tclass=capability
type=AVC msg=audit(1414532343.085:813): avc:  denied  { dac_read_search } for  pid=3993 comm="exim" capability=2  scontext=unconfined_u:unconfined_r:exim_t:s0-s0:c0.c1023 tcontext=unconfined_u:unconfined_r:exim_t:s0-s0:c0.c1023 tclass=capability
type=AVC msg=audit(1414533579.558:814): avc:  denied  { read write } for  pid=4155 comm="exim" path="/dev/pts/1" dev="devpts" ino=4 scontext=unconfined_u:unconfined_r:exim_t:s0-s0:c0.c1023 tcontext=unconfined_u:object_r:user_devpts_t:s0 tclass=chr_file
type=AVC msg=audit(1414533579.558:814): avc:  denied  { read write } for  pid=4155 comm="exim" path="/dev/pts/1" dev="devpts" ino=4 scontext=unconfined_u:unconfined_r:exim_t:s0-s0:c0.c1023 tcontext=unconfined_u:object_r:user_devpts_t:s0 tclass=chr_file
type=AVC msg=audit(1414533579.558:814): avc:  denied  { read write } for  pid=4155 comm="exim" path="/dev/pts/1" dev="devpts" ino=4 scontext=unconfined_u:unconfined_r:exim_t:s0-s0:c0.c1023 tcontext=unconfined_u:object_r:user_devpts_t:s0 tclass=chr_file
type=AVC msg=audit(1414533579.558:814): avc:  denied  { read write } for  pid=4155 comm="exim" path="/dev/pts/1" dev="devpts" ino=4 scontext=unconfined_u:unconfined_r:exim_t:s0-s0:c0.c1023 tcontext=unconfined_u:object_r:user_devpts_t:s0 tclass=chr_file
type=AVC msg=audit(1414533579.593:815): avc:  denied  { dac_override } for  pid=4155 comm="exim" capability=1  scontext=unconfined_u:unconfined_r:exim_t:s0-s0:c0.c1023 tcontext=unconfined_u:unconfined_r:exim_t:s0-s0:c0.c1023 tclass=capability
type=AVC msg=audit(1414533579.593:815): avc:  denied  { dac_read_search } for  pid=4155 comm="exim" capability=2  scontext=unconfined_u:unconfined_r:exim_t:s0-s0:c0.c1023 tcontext=unconfined_u:unconfined_r:exim_t:s0-s0:c0.c1023 tclass=capability
type=AVC msg=audit(1414533579.593:816): avc:  denied  { dac_override } for  pid=4155 comm="exim" capability=1  scontext=unconfined_u:unconfined_r:exim_t:s0-s0:c0.c1023 tcontext=unconfined_u:unconfined_r:exim_t:s0-s0:c0.c1023 tclass=capability
type=AVC msg=audit(1414533579.593:816): avc:  denied  { dac_read_search } for  pid=4155 comm="exim" capability=2  scontext=unconfined_u:unconfined_r:exim_t:s0-s0:c0.c1023 tcontext=unconfined_u:unconfined_r:exim_t:s0-s0:c0.c1023 tclass=capability
type=AVC msg=audit(1414533579.594:817): avc:  denied  { read } for  pid=4155 comm="exim" name="aliases" dev="dm-1" ino=1048956 scontext=unconfined_u:unconfined_r:exim_t:s0-s0:c0.c1023 tcontext=system_u:object_r:etc_aliases_t:s0 tclass=file
type=AVC msg=audit(1414533632.307:818): avc:  denied  { read write } for  pid=4225 comm="exim" path="/dev/pts/1" dev="devpts" ino=4 scontext=unconfined_u:unconfined_r:exim_t:s0-s0:c0.c1023 tcontext=unconfined_u:object_r:user_devpts_t:s0 tclass=chr_file
type=AVC msg=audit(1414533632.307:818): avc:  denied  { read write } for  pid=4225 comm="exim" path="/dev/pts/1" dev="devpts" ino=4 scontext=unconfined_u:unconfined_r:exim_t:s0-s0:c0.c1023 tcontext=unconfined_u:object_r:user_devpts_t:s0 tclass=chr_file
type=AVC msg=audit(1414533632.307:818): avc:  denied  { read write } for  pid=4225 comm="exim" path="/dev/pts/1" dev="devpts" ino=4 scontext=unconfined_u:unconfined_r:exim_t:s0-s0:c0.c1023 tcontext=unconfined_u:object_r:user_devpts_t:s0 tclass=chr_file
type=AVC msg=audit(1414533632.307:818): avc:  denied  { read write } for  pid=4225 comm="exim" path="/dev/pts/1" dev="devpts" ino=4 scontext=unconfined_u:unconfined_r:exim_t:s0-s0:c0.c1023 tcontext=unconfined_u:object_r:user_devpts_t:s0 tclass=chr_file
type=AVC msg=audit(1414533632.348:819): avc:  denied  { dac_override } for  pid=4225 comm="exim" capability=1  scontext=unconfined_u:unconfined_r:exim_t:s0-s0:c0.c1023 tcontext=unconfined_u:unconfined_r:exim_t:s0-s0:c0.c1023 tclass=capability
type=AVC msg=audit(1414533632.348:819): avc:  denied  { dac_read_search } for  pid=4225 comm="exim" capability=2  scontext=unconfined_u:unconfined_r:exim_t:s0-s0:c0.c1023 tcontext=unconfined_u:unconfined_r:exim_t:s0-s0:c0.c1023 tclass=capability
type=AVC msg=audit(1414533632.348:820): avc:  denied  { dac_override } for  pid=4225 comm="exim" capability=1  scontext=unconfined_u:unconfined_r:exim_t:s0-s0:c0.c1023 tcontext=unconfined_u:unconfined_r:exim_t:s0-s0:c0.c1023 tclass=capability
type=AVC msg=audit(1414533632.348:820): avc:  denied  { dac_read_search } for  pid=4225 comm="exim" capability=2  scontext=unconfined_u:unconfined_r:exim_t:s0-s0:c0.c1023 tcontext=unconfined_u:unconfined_r:exim_t:s0-s0:c0.c1023 tclass=capability
type=AVC msg=audit(1414533632.349:821): avc:  denied  { read } for  pid=4225 comm="exim" name="aliases" dev="dm-1" ino=1048956 scontext=unconfined_u:unconfined_r:exim_t:s0-s0:c0.c1023 tcontext=system_u:object_r:etc_aliases_t:s0 tclass=file
type=AVC msg=audit(1414533688.500:829): avc:  denied  { read write } for  pid=4312 comm="exim" path="/dev/pts/1" dev="devpts" ino=4 scontext=unconfined_u:unconfined_r:exim_t:s0-s0:c0.c1023 tcontext=unconfined_u:object_r:user_devpts_t:s0 tclass=chr_file
type=AVC msg=audit(1414533688.500:829): avc:  denied  { read write } for  pid=4312 comm="exim" path="/dev/pts/1" dev="devpts" ino=4 scontext=unconfined_u:unconfined_r:exim_t:s0-s0:c0.c1023 tcontext=unconfined_u:object_r:user_devpts_t:s0 tclass=chr_file
type=AVC msg=audit(1414533688.500:829): avc:  denied  { read write } for  pid=4312 comm="exim" path="/dev/pts/1" dev="devpts" ino=4 scontext=unconfined_u:unconfined_r:exim_t:s0-s0:c0.c1023 tcontext=unconfined_u:object_r:user_devpts_t:s0 tclass=chr_file
type=AVC msg=audit(1414533688.500:829): avc:  denied  { read write } for  pid=4312 comm="exim" path="/dev/pts/1" dev="devpts" ino=4 scontext=unconfined_u:unconfined_r:exim_t:s0-s0:c0.c1023 tcontext=unconfined_u:object_r:user_devpts_t:s0 tclass=chr_file
type=AVC msg=audit(1414533688.546:830): avc:  denied  { dac_override } for  pid=4312 comm="exim" capability=1  scontext=unconfined_u:unconfined_r:exim_t:s0-s0:c0.c1023 tcontext=unconfined_u:unconfined_r:exim_t:s0-s0:c0.c1023 tclass=capability
type=AVC msg=audit(1414533688.546:830): avc:  denied  { dac_read_search } for  pid=4312 comm="exim" capability=2  scontext=unconfined_u:unconfined_r:exim_t:s0-s0:c0.c1023 tcontext=unconfined_u:unconfined_r:exim_t:s0-s0:c0.c1023 tclass=capability
type=AVC msg=audit(1414533688.546:831): avc:  denied  { dac_override } for  pid=4312 comm="exim" capability=1  scontext=unconfined_u:unconfined_r:exim_t:s0-s0:c0.c1023 tcontext=unconfined_u:unconfined_r:exim_t:s0-s0:c0.c1023 tclass=capability
type=AVC msg=audit(1414533688.546:831): avc:  denied  { dac_read_search } for  pid=4312 comm="exim" capability=2  scontext=unconfined_u:unconfined_r:exim_t:s0-s0:c0.c1023 tcontext=unconfined_u:unconfined_r:exim_t:s0-s0:c0.c1023 tclass=capability
type=AVC msg=audit(1414533688.548:832): avc:  denied  { read } for  pid=4312 comm="exim" name="aliases" dev="dm-1" ino=1048956 scontext=unconfined_u:unconfined_r:exim_t:s0-s0:c0.c1023 tcontext=system_u:object_r:etc_aliases_t:s0 tclass=file
type=AVC msg=audit(1414533713.289:833): avc:  denied  { read write } for  pid=4380 comm="exim" path="/dev/pts/1" dev="devpts" ino=4 scontext=unconfined_u:unconfined_r:exim_t:s0-s0:c0.c1023 tcontext=unconfined_u:object_r:user_devpts_t:s0 tclass=chr_file
type=AVC msg=audit(1414533713.289:833): avc:  denied  { read write } for  pid=4380 comm="exim" path="/dev/pts/1" dev="devpts" ino=4 scontext=unconfined_u:unconfined_r:exim_t:s0-s0:c0.c1023 tcontext=unconfined_u:object_r:user_devpts_t:s0 tclass=chr_file
type=AVC msg=audit(1414533713.289:833): avc:  denied  { read write } for  pid=4380 comm="exim" path="/dev/pts/1" dev="devpts" ino=4 scontext=unconfined_u:unconfined_r:exim_t:s0-s0:c0.c1023 tcontext=unconfined_u:object_r:user_devpts_t:s0 tclass=chr_file
type=AVC msg=audit(1414533713.289:833): avc:  denied  { read write } for  pid=4380 comm="exim" path="/dev/pts/1" dev="devpts" ino=4 scontext=unconfined_u:unconfined_r:exim_t:s0-s0:c0.c1023 tcontext=unconfined_u:object_r:user_devpts_t:s0 tclass=chr_file
type=AVC msg=audit(1414533713.336:834): avc:  denied  { dac_override } for  pid=4380 comm="exim" capability=1  scontext=unconfined_u:unconfined_r:exim_t:s0-s0:c0.c1023 tcontext=unconfined_u:unconfined_r:exim_t:s0-s0:c0.c1023 tclass=capability
type=AVC msg=audit(1414533713.336:834): avc:  denied  { dac_read_search } for  pid=4380 comm="exim" capability=2  scontext=unconfined_u:unconfined_r:exim_t:s0-s0:c0.c1023 tcontext=unconfined_u:unconfined_r:exim_t:s0-s0:c0.c1023 tclass=capability
type=AVC msg=audit(1414533713.337:835): avc:  denied  { dac_override } for  pid=4380 comm="exim" capability=1  scontext=unconfined_u:unconfined_r:exim_t:s0-s0:c0.c1023 tcontext=unconfined_u:unconfined_r:exim_t:s0-s0:c0.c1023 tclass=capability
type=AVC msg=audit(1414533713.337:835): avc:  denied  { dac_read_search } for  pid=4380 comm="exim" capability=2  scontext=unconfined_u:unconfined_r:exim_t:s0-s0:c0.c1023 tcontext=unconfined_u:unconfined_r:exim_t:s0-s0:c0.c1023 tclass=capability
type=AVC msg=audit(1414533713.340:836): avc:  denied  { write } for  pid=4380 comm="exim" name="input" dev="dm-1" ino=1313374 scontext=unconfined_u:unconfined_r:exim_t:s0-s0:c0.c1023 tcontext=system_u:object_r:var_spool_t:s0 tclass=dir
type=AVC msg=audit(1414533713.341:837): avc:  denied  { open } for  pid=4380 comm="exim" path="/var/log/exim/main.log" dev="dm-1" ino=1311039 scontext=unconfined_u:unconfined_r:exim_t:s0-s0:c0.c1023 tcontext=system_u:object_r:var_log_t:s0 tclass=file
type=AVC msg=audit(1414533713.341:838): avc:  denied  { open } for  pid=4380 comm="exim" path="/var/log/exim/main.log" dev="dm-1" ino=1311039 scontext=unconfined_u:unconfined_r:exim_t:s0-s0:c0.c1023 tcontext=system_u:object_r:var_log_t:s0 tclass=file
type=AVC msg=audit(1414533713.341:839): avc:  denied  { write } for  pid=4380 comm="exim" name="exim" dev="dm-1" ino=1313362 scontext=unconfined_u:unconfined_r:exim_t:s0-s0:c0.c1023 tcontext=system_u:object_r:var_log_t:s0 tclass=dir
type=AVC msg=audit(1414533777.880:840): avc:  denied  { read write } for  pid=4467 comm="exim" path="/dev/pts/1" dev="devpts" ino=4 scontext=unconfined_u:unconfined_r:exim_t:s0-s0:c0.c1023 tcontext=unconfined_u:object_r:user_devpts_t:s0 tclass=chr_file
type=AVC msg=audit(1414533777.880:840): avc:  denied  { read write } for  pid=4467 comm="exim" path="/dev/pts/1" dev="devpts" ino=4 scontext=unconfined_u:unconfined_r:exim_t:s0-s0:c0.c1023 tcontext=unconfined_u:object_r:user_devpts_t:s0 tclass=chr_file
type=AVC msg=audit(1414533777.880:840): avc:  denied  { read write } for  pid=4467 comm="exim" path="/dev/pts/1" dev="devpts" ino=4 scontext=unconfined_u:unconfined_r:exim_t:s0-s0:c0.c1023 tcontext=unconfined_u:object_r:user_devpts_t:s0 tclass=chr_file
type=AVC msg=audit(1414533777.880:840): avc:  denied  { read write } for  pid=4467 comm="exim" path="/dev/pts/1" dev="devpts" ino=4 scontext=unconfined_u:unconfined_r:exim_t:s0-s0:c0.c1023 tcontext=unconfined_u:object_r:user_devpts_t:s0 tclass=chr_file
type=AVC msg=audit(1414533777.916:841): avc:  denied  { dac_override } for  pid=4467 comm="exim" capability=1  scontext=unconfined_u:unconfined_r:exim_t:s0-s0:c0.c1023 tcontext=unconfined_u:unconfined_r:exim_t:s0-s0:c0.c1023 tclass=capability
type=AVC msg=audit(1414533777.916:841): avc:  denied  { dac_read_search } for  pid=4467 comm="exim" capability=2  scontext=unconfined_u:unconfined_r:exim_t:s0-s0:c0.c1023 tcontext=unconfined_u:unconfined_r:exim_t:s0-s0:c0.c1023 tclass=capability
type=AVC msg=audit(1414533777.917:842): avc:  denied  { dac_override } for  pid=4467 comm="exim" capability=1  scontext=unconfined_u:unconfined_r:exim_t:s0-s0:c0.c1023 tcontext=unconfined_u:unconfined_r:exim_t:s0-s0:c0.c1023 tclass=capability
type=AVC msg=audit(1414533777.917:842): avc:  denied  { dac_read_search } for  pid=4467 comm="exim" capability=2  scontext=unconfined_u:unconfined_r:exim_t:s0-s0:c0.c1023 tcontext=unconfined_u:unconfined_r:exim_t:s0-s0:c0.c1023 tclass=capability
type=AVC msg=audit(1414533777.919:843): avc:  denied  { read } for  pid=4467 comm="exim" name="urandom" dev="devtmpfs" ino=4947 scontext=unconfined_u:unconfined_r:exim_t:s0-s0:c0.c1023 tcontext=system_u:object_r:urandom_device_t:s0 tclass=chr_file
type=AVC msg=audit(1414533777.919:844): avc:  denied  { read } for  pid=4467 comm="exim" name="random" dev="devtmpfs" ino=4946 scontext=unconfined_u:unconfined_r:exim_t:s0-s0:c0.c1023 tcontext=system_u:object_r:random_device_t:s0 tclass=chr_file
type=AVC msg=audit(1414533777.943:845): avc:  denied  { write } for  pid=4467 comm="exim" name="exim" dev="dm-1" ino=1313372 scontext=unconfined_u:unconfined_r:exim_t:s0-s0:c0.c1023 tcontext=system_u:object_r:var_spool_t:s0 tclass=dir
type=AVC msg=audit(1414533777.943:846): avc:  denied  { open } for  pid=4467 comm="exim" path="/var/log/exim/main.log" dev="dm-1" ino=1311039 scontext=unconfined_u:unconfined_r:exim_t:s0-s0:c0.c1023 tcontext=system_u:object_r:var_log_t:s0 tclass=file
type=AVC msg=audit(1414533777.943:847): avc:  denied  { open } for  pid=4467 comm="exim" path="/var/log/exim/main.log" dev="dm-1" ino=1311039 scontext=unconfined_u:unconfined_r:exim_t:s0-s0:c0.c1023 tcontext=system_u:object_r:var_log_t:s0 tclass=file
type=AVC msg=audit(1414533777.943:848): avc:  denied  { write } for  pid=4467 comm="exim" name="exim" dev="dm-1" ino=1313362 scontext=unconfined_u:unconfined_r:exim_t:s0-s0:c0.c1023 tcontext=system_u:object_r:var_log_t:s0 tclass=dir
type=AVC msg=audit(1414533904.810:849): avc:  denied  { read write } for  pid=4626 comm="exim" path="/dev/pts/0" dev="devpts" ino=3 scontext=unconfined_u:unconfined_r:exim_t:s0-s0:c0.c1023 tcontext=unconfined_u:object_r:user_devpts_t:s0 tclass=chr_file
type=AVC msg=audit(1414533904.810:849): avc:  denied  { read write } for  pid=4626 comm="exim" path="/dev/pts/0" dev="devpts" ino=3 scontext=unconfined_u:unconfined_r:exim_t:s0-s0:c0.c1023 tcontext=unconfined_u:object_r:user_devpts_t:s0 tclass=chr_file
type=AVC msg=audit(1414533904.810:849): avc:  denied  { read write } for  pid=4626 comm="exim" path="/dev/pts/0" dev="devpts" ino=3 scontext=unconfined_u:unconfined_r:exim_t:s0-s0:c0.c1023 tcontext=unconfined_u:object_r:user_devpts_t:s0 tclass=chr_file
type=AVC msg=audit(1414533904.810:849): avc:  denied  { read write } for  pid=4626 comm="exim" path="/dev/pts/0" dev="devpts" ino=3 scontext=unconfined_u:unconfined_r:exim_t:s0-s0:c0.c1023 tcontext=unconfined_u:object_r:user_devpts_t:s0 tclass=chr_file

